// Jest Snapshot v1, https://goo.gl/fbAQLP

exports[`render loading overlay 1`] = `
<View
  style={
    Object {
      "alignItems": "center",
      "flex": 1,
      "justifyContent": "center",
      "padding": 24,
    }
  }
>
  <ActivityIndicator
    animating={true}
    color="#A53638"
    hidesWhenStopped={true}
    size="large"
  />
</View>
`;
