// Jest Snapshot v1, https://goo.gl/fbAQLP

exports[`render flex between row section correctly 1`] = `
<View
  style={
    Object {
      "flexDirection": "row",
      "justifyContent": "space-between",
      "marginVertical": 9,
    }
  }
>
  <Text
    style={
      Object {
        "color": "#353334",
        "fontFamily": "ibm-semibold",
        "fontSize": 16,
        "marginBottom": 9,
      }
    }
  >
    Header
  </Text>
  <Text>
    Body
  </Text>
</View>
`;
